// Jest Snapshot v1, https://goo.gl/fbAQLP

exports[`Render Map 1`] = `
<div
  className="cities__right-section"
>
  <section
    className="cities__map map"
  />
</div>
`;
