// Jest Snapshot v1, https://goo.gl/fbAQLP

exports[`Render PageContainer 1`] = `
<div
  className="page page--gray page--main"
/>
`;
